// Jest Snapshot v1, https://goo.gl/fbAQLP

exports[`cross-origin iframe and permissions localhost permissions only does not scan inside cross-origin iframes when extension does not have permissions 1`] = `
<DocumentFragment>
  <div
    class="rule-details-group--{{CSS_MODULE_HASH}}"
    data-automation-id="rule-details-group"
  >
    <div
      class="collapsible-rule-details-group--3BXY6 collapsible-container--1yLf- collapsed"
      data-automation-id="cards-rule-group"
    >
      <div
        aria-level="3"
        role="heading"
      >
        <button
          aria-expanded="false"
          aria-label="frame-title 2 Failed Ensures <iframe> and <frame> elements contain a non-empty title attribute"
          class="ms-Button ms-Button--action ms-Button--command collapsible-control--QPZeX root-000"
          data-automation-id="collapsible-component-cards-button"
          data-is-focusable="true"
          type="button"
        >
          <div
            class="ms-Button-flexContainer flexContainer-000"
          >
            <span
              class="collapsible-title--{{CSS_MODULE_HASH}}"
            >
              <span
                class="rule-detail"
              >
                <span
                  class="outcome-chip-container--{{CSS_MODULE_HASH}}"
                >
                  <span
                    aria-hidden="true"
                  >
                    <span
                      class="outcome-chip outcome-chip-fail"
                      title="2 Failed"
                    >
                      <span
                        class="icon"
                      >
                        <span
                          class="check-container"
                        >
                          <svg
                            fill="none"
                            height="16"
                            viewBox="0 0 16 16"
                            width="16"
                            xmlns="http://www.w3.org/2000/svg"
                          >
                            <circle
                              cx="8"
                              cy="8"
                              fill="#E81123"
                              r="8"
                            />
                            <path
                              d="M10.9837 6.27639C11.3352 5.92491 11.3352 5.35507 10.9837 5.00359C10.6322 4.65212 10.0624 4.65212 9.7109 5.00359L7.99722 6.71728L6.28375 5.00381C5.93227 4.65234 5.36242 4.65234 5.01095 5.00381C4.65948 5.35528 4.65948 5.92513 5.01095 6.2766L6.72443 7.99007L4.9837 9.7308C4.63222 10.0823 4.63222 10.6521 4.9837 11.0036C5.33517 11.3551 5.90502 11.3551 6.25649 11.0036L7.99722 9.26287L9.73816 11.0038C10.0896 11.3553 10.6595 11.3553 11.011 11.0038C11.3624 10.6523 11.3624 10.0825 11.011 9.73101L9.27001 7.99007L10.9837 6.27639Z"
                              fill="white"
                            />
                          </svg>
                        </span>
                      </span>
                      <span
                        aria-hidden="true"
                        class="count"
                      >
                         2
                      </span>
                      <span
                        class="screen-reader-only"
                      >
                        2 Failed
                      </span>
                    </span>
                  </span>
                </span>
                <span>
                  <span
                    class="rule-details-id"
                    data-automation-id="cards-rule-id"
                  >
                    frame-title
                  </span>
                  : 
                  <span
                    class="rule-details-description"
                  >
                    Ensures &lt;iframe&gt; and &lt;frame&gt; elements contain a non-empty title attribute
                  </span>
                </span>
              </span>
            </span>
          </div>
        </button>
      </div>
    </div>
    <div
      class="collapsible-rule-details-group--3BXY6 collapsible-container--1yLf- collapsed"
      data-automation-id="cards-rule-group"
    >
      <div
        aria-level="3"
        role="heading"
      >
        <button
          aria-expanded="false"
          aria-label="html-has-lang 1 Failed Ensures every HTML document has a lang attribute"
          class="ms-Button ms-Button--action ms-Button--command collapsible-control--QPZeX root-000"
          data-automation-id="collapsible-component-cards-button"
          data-is-focusable="true"
          type="button"
        >
          <div
            class="ms-Button-flexContainer flexContainer-000"
          >
            <span
              class="collapsible-title--{{CSS_MODULE_HASH}}"
            >
              <span
                class="rule-detail"
              >
                <span
                  class="outcome-chip-container--{{CSS_MODULE_HASH}}"
                >
                  <span
                    aria-hidden="true"
                  >
                    <span
                      class="outcome-chip outcome-chip-fail"
                      title="1 Failed"
                    >
                      <span
                        class="icon"
                      >
                        <span
                          class="check-container"
                        >
                          <svg
                            fill="none"
                            height="16"
                            viewBox="0 0 16 16"
                            width="16"
                            xmlns="http://www.w3.org/2000/svg"
                          >
                            <circle
                              cx="8"
                              cy="8"
                              fill="#E81123"
                              r="8"
                            />
                            <path
                              d="M10.9837 6.27639C11.3352 5.92491 11.3352 5.35507 10.9837 5.00359C10.6322 4.65212 10.0624 4.65212 9.7109 5.00359L7.99722 6.71728L6.28375 5.00381C5.93227 4.65234 5.36242 4.65234 5.01095 5.00381C4.65948 5.35528 4.65948 5.92513 5.01095 6.2766L6.72443 7.99007L4.9837 9.7308C4.63222 10.0823 4.63222 10.6521 4.9837 11.0036C5.33517 11.3551 5.90502 11.3551 6.25649 11.0036L7.99722 9.26287L9.73816 11.0038C10.0896 11.3553 10.6595 11.3553 11.011 11.0038C11.3624 10.6523 11.3624 10.0825 11.011 9.73101L9.27001 7.99007L10.9837 6.27639Z"
                              fill="white"
                            />
                          </svg>
                        </span>
                      </span>
                      <span
                        aria-hidden="true"
                        class="count"
                      >
                         1
                      </span>
                      <span
                        class="screen-reader-only"
                      >
                        1 Failed
                      </span>
                    </span>
                  </span>
                </span>
                <span>
                  <span
                    class="rule-details-id"
                    data-automation-id="cards-rule-id"
                  >
                    html-has-lang
                  </span>
                  : 
                  <span
                    class="rule-details-description"
                  >
                    Ensures every HTML document has a lang attribute
                  </span>
                </span>
              </span>
            </span>
          </div>
        </button>
      </div>
    </div>
  </div>
</DocumentFragment>
`;
