// Jest Snapshot v1, https://goo.gl/fbAQLP

exports[`GithubIssueFilingServiceTest settingsForm renders 1`] = `
<DocumentFragment>
  <mock-styledtextfieldbase
    aria-describedby="github-description"
    classname="issue-setting"
    label="Enter your GitHub issues URL"
    value="repo"
  />
  <span
    class="textfield-description"
    id="github-description"
  >
    example: https://github.com/owner/repo/issues
  </span>
</DocumentFragment>
`;
