// Jest Snapshot v1, https://goo.gl/fbAQLP

exports[`CombinedReportFailedSection renders 1`] = `
<DocumentFragment>
  <div
    class="result-section"
  >
    <div
      id="collapsible-header"
    >
      <mock-combinedresultsectiontitle
        outcomecount="1"
        outcometype="fail"
        title="Failed rules"
      />
    </div>
    <div
      id="collapsible-content"
    >
      <mock-resultsectioncontent
        allcardscollapsed="true"
        deps="[object Object]"
        headinglevel="4"
        outcometype="fail"
        results="[object Object]"
        visualhelperenabled="true"
      />
    </div>
  </div>
</DocumentFragment>
`;
