// Jest Snapshot v1, https://goo.gl/fbAQLP

exports[`ContentContainer renders 1`] = `
<DocumentFragment>
  <main
    class="outer-container"
  >
    <div
      class="content-container"
    >
      <div>
        1
      </div>
      <div
        id="2"
      >
        2
      </div>
    </div>
  </main>
</DocumentFragment>
`;
