// Jest Snapshot v1, https://goo.gl/fbAQLP

exports[`FooterText renders 1`] = `
<DocumentFragment>
  This automated checks result was generated using app-name app-version (axe-core engine-version), a tool that helps debug and find accessibility issues earlier on environmentName. Get more information & download this tool at 
  <mock-toollink />
  .
</DocumentFragment>
`;
