// Jest Snapshot v1, https://goo.gl/fbAQLP

exports[`HeaderSection renders 1`] = `
<header
  data-automation-id="report-header-section"
>
  <HeaderBar
    headerText="some header text"
  />
  <div
    className="reportHeaderCommandBar"
  >
    <div
      className="targetPage"
    >
      Target page: 
      <NewTabLinkWithConfirmationDialog
        href="url://page"
        title="page-title"
      >
        page-title
      </NewTabLinkWithConfirmationDialog>
    </div>
  </div>
</header>
`;
