// Jest Snapshot v1, https://goo.gl/fbAQLP

exports[`InstanceDetailsGroup renders 1`] = `
<ul
  aria-label="failed instances with path, snippet and how to fix information"
  className="instance-details-list"
>
  <li>
    <InstanceDetail
      failureSummary="fix the error on html"
      fixInstructionProcessor={
        proxy {
          "___id": "BCDF5CE5-F0DF-40B7-8BA0-69DF395033C8",
          "backgroundColorText": "background color: ",
          "backgroundRegExp": /background color: \\(\\?<color>#\\[0-9a-f\\]\\{6\\}\\)/i,
          "colorGroupName": "color",
          "colorValueMatcher": "(?<color>#[0-9a-f]{6})",
          "createColorBox": [Function],
          "foregroundColorText": "foreground color: ",
          "foregroundRegExp": /foreground color: \\(\\?<color>#\\[0-9a-f\\]\\{6\\}\\)/i,
          "getColorMatch": [Function],
          "process": [Function],
          "splitFixInstruction": [Function],
        }
      }
      html="<html>"
      index={0}
      target={
        Array [
          "<html>",
        ]
      }
    />
  </li>
  <li>
    <InstanceDetail
      failureSummary="fix the error on body"
      fixInstructionProcessor={
        proxy {
          "___id": "BCDF5CE5-F0DF-40B7-8BA0-69DF395033C8",
          "backgroundColorText": "background color: ",
          "backgroundRegExp": /background color: \\(\\?<color>#\\[0-9a-f\\]\\{6\\}\\)/i,
          "colorGroupName": "color",
          "colorValueMatcher": "(?<color>#[0-9a-f]{6})",
          "createColorBox": [Function],
          "foregroundColorText": "foreground color: ",
          "foregroundRegExp": /foreground color: \\(\\?<color>#\\[0-9a-f\\]\\{6\\}\\)/i,
          "getColorMatch": [Function],
          "process": [Function],
          "splitFixInstruction": [Function],
        }
      }
      html="<body >"
      index={1}
      target={
        Array [
          "<body>",
        ]
      }
    />
  </li>
</ul>
`;
