// Jest Snapshot v1, https://goo.gl/fbAQLP

exports[`ReportBody renders 1`] = `
<DocumentFragment>
  <mock-bodysection>
    <mock-automatedchecksheadersection
      cardsviewdata="[object Object]"
      deps="[object Object]"
      description="test description"
      fixinstructionprocessor="undefined"
      pagetitle="page-title"
      pageurl="url:target-page"
      recommendcolor="undefined"
      scanmetadata="[object Object]"
      scanresult="[object Object]"
      sectionfactory="[object Object]"
      sectionheadinglevel="3"
      shouldalertfailurescount="false"
      targetappinfo="[object Object]"
      tooldata="[object Object]"
    />
    <mock-contentsection>
      <mock-automatedcheckstitlesection />
      <mock-detailssection
        cardsviewdata="[object Object]"
        deps="[object Object]"
        description="test description"
        fixinstructionprocessor="undefined"
        pagetitle="page-title"
        pageurl="url:target-page"
        recommendcolor="undefined"
        scanmetadata="[object Object]"
        scanresult="[object Object]"
        sectionfactory="[object Object]"
        sectionheadinglevel="3"
        shouldalertfailurescount="false"
        targetappinfo="[object Object]"
        tooldata="[object Object]"
      />
      <mock-alloutcomessummarysection
        cardsviewdata="[object Object]"
        deps="[object Object]"
        description="test description"
        fixinstructionprocessor="undefined"
        pagetitle="page-title"
        pageurl="url:target-page"
        recommendcolor="undefined"
        scanmetadata="[object Object]"
        scanresult="[object Object]"
        sectionfactory="[object Object]"
        sectionheadinglevel="3"
        shouldalertfailurescount="false"
        targetappinfo="[object Object]"
        tooldata="[object Object]"
      />
      <mock-resultscontainer
        cardsviewdata="[object Object]"
        deps="[object Object]"
        description="test description"
        fixinstructionprocessor="undefined"
        pagetitle="page-title"
        pageurl="url:target-page"
        recommendcolor="undefined"
        scanmetadata="[object Object]"
        scanresult="[object Object]"
        sectionfactory="[object Object]"
        sectionheadinglevel="3"
        shouldalertfailurescount="false"
        targetappinfo="[object Object]"
        tooldata="[object Object]"
      >
        <mock-failedinstancessection
          cardsviewdata="[object Object]"
          deps="[object Object]"
          description="test description"
          fixinstructionprocessor="undefined"
          pagetitle="page-title"
          pageurl="url:target-page"
          recommendcolor="undefined"
          scanmetadata="[object Object]"
          scanresult="[object Object]"
          sectionfactory="[object Object]"
          sectionheadinglevel="3"
          shouldalertfailurescount="false"
          targetappinfo="[object Object]"
          tooldata="[object Object]"
        />
        <mock-passedcheckssection
          cardsviewdata="[object Object]"
          deps="[object Object]"
          description="test description"
          fixinstructionprocessor="undefined"
          pagetitle="page-title"
          pageurl="url:target-page"
          recommendcolor="undefined"
          scanmetadata="[object Object]"
          scanresult="[object Object]"
          sectionfactory="[object Object]"
          sectionheadinglevel="3"
          shouldalertfailurescount="false"
          targetappinfo="[object Object]"
          tooldata="[object Object]"
        />
        <mock-notapplicablecheckssection
          cardsviewdata="[object Object]"
          deps="[object Object]"
          description="test description"
          fixinstructionprocessor="undefined"
          pagetitle="page-title"
          pageurl="url:target-page"
          recommendcolor="undefined"
          scanmetadata="[object Object]"
          scanresult="[object Object]"
          sectionfactory="[object Object]"
          sectionheadinglevel="3"
          shouldalertfailurescount="false"
          targetappinfo="[object Object]"
          tooldata="[object Object]"
        />
      </mock-resultscontainer>
    </mock-contentsection>
    <mock-footersection>
      <mock-footertext
        cardsviewdata="[object Object]"
        deps="[object Object]"
        description="test description"
        fixinstructionprocessor="undefined"
        pagetitle="page-title"
        pageurl="url:target-page"
        recommendcolor="undefined"
        scanmetadata="[object Object]"
        scanresult="[object Object]"
        sectionfactory="[object Object]"
        sectionheadinglevel="3"
        shouldalertfailurescount="false"
        targetappinfo="[object Object]"
        tooldata="[object Object]"
      />
    </mock-footersection>
  </mock-bodysection>
</DocumentFragment>
`;
