// Jest Snapshot v1, https://goo.gl/fbAQLP

exports[`SummaryReportDetailsSection renders 1`] = `
<DocumentFragment>
  <div
    class="crawlDetailsSection"
  >
    <h2>
      Scan details
    </h2>
    <ul
      class="crawlDetailsSectionList"
    >
      <li
        class="targetSite"
      >
        <span
          class="icon"
        >
          <mock-urlicon />
        </span>
        <span
          class="label"
        >
          Target site 
        </span>
        <span
          class="text"
        >
          <mock-newtablinkwithconfirmationdialog
            href="page url"
            title="page name"
          >
            page url
          </mock-newtablinkwithconfirmationdialog>
        </span>
      </li>
      <li>
        <span
          class="icon"
        >
          <mock-dateicon />
        </span>
        <span
          class="label"
        >
          Scans started 
        </span>
        <span
          class="text"
        >
          scan start time
        </span>
      </li>
      <li>
        <span
          class="noIcon label"
        >
          Scans completed 
        </span>
        <span
          class="text"
        >
          scan end time
        </span>
      </li>
      <li>
        <span
          class="noIcon label"
        >
          Duration 
        </span>
        <span
          class="text"
        >
          scan duration
        </span>
      </li>
    </ul>
  </div>
</DocumentFragment>
`;
