// Jest Snapshot v1, https://goo.gl/fbAQLP

exports[`ToolLink renders 1`] = `
<DocumentFragment>
  <mock-newtablink
    classname="tool-name-link"
    href="http://aka.ms/AccessibilityInsights"
    title="Get more information and download Accessibility Insights for Web"
  >
    http://aka.ms/AccessibilityInsights
  </mock-newtablink>
</DocumentFragment>
`;
