// Jest Snapshot v1, https://goo.gl/fbAQLP

exports[`page view renders 1`] = `
<React.Fragment>
  <NarrowModeDetector
    Component={[Function]}
    childrenProps={
      Object {
        "deps": Object {},
      }
    }
    isNarrowModeEnabled={true}
  />
  <main>
    INSIDE
  </main>
</React.Fragment>
`;
