// Jest Snapshot v1, https://goo.gl/fbAQLP

exports[`IssueFilingSettingsContainerTest render 1`] = `
<div
  aria-labelledby="issue-filing"
>
  <IssueFilingChoiceGroup
    issueFilingServices={
      Array [
        Object {
          "displayName": "TEST",
          "key": "test",
          "settingsForm": [Function],
        },
      ]
    }
    onSelectedServiceChange={[Function]}
    selectedIssueFilingService={
      Object {
        "displayName": "TEST",
        "key": "test",
        "settingsForm": [Function],
      }
    }
  />
  <settingsForm
    deps={
      Object {
        "issueFilingServiceProvider": proxy {
          "___id": "BCDF5CE5-F0DF-40B7-8BA0-69DF395033C8",
          "services": undefined,
        },
        "userConfigMessageCreator": Object {},
      }
    }
    onPropertyUpdateCallback={[Function]}
    settings={
      Object {
        "repository": "none",
      }
    }
  />
</div>
`;
