// Jest Snapshot v1, https://goo.gl/fbAQLP

exports[`DetailsViewLeftNav should render from switcher nav 1`] = `
<DocumentFragment>
  <div
    class="leftNav main-nav"
  >
    <mock-switcher
      deps="[object Object]"
      featureflagstoredata="[object Object]"
    />
  </div>
</DocumentFragment>
`;
