// Jest Snapshot v1, https://goo.gl/fbAQLP

exports[`FastPassLeftNav renders visualization based left nav with appropriate params 1`] = `
<VisualizationBasedLeftNav
  deps={
    {
      "getNavLinkHandler": [Function],
    }
  }
  featureFlagStoreData={{}}
  onLinkClick={[Function]}
  onRightPanelContentSwitch={[Function]}
  selectedKey="some string"
  setNavComponentRef={[Function]}
  visualizations={
    [
      1,
      3,
      29,
    ]
  }
/>
`;
