// Jest Snapshot v1, https://goo.gl/fbAQLP

exports[`AutomatedChecksView ScreenshotView renders expected number/size of highlight boxes in expected positions 1`] = `
Array [
  "width: 10.74%; height: 6.04%; top: 3.28%; left: 89.25%;",
  "width: 10.74%; height: 6.04%; top: 3.28%; left: 89.25%;",
  "width: 10.74%; height: 6.04%; top: 10.41%; left: 13.42%;",
  "width: 48.61%; height: 4.94%; top: 23.54%; left: 25.64%;",
  "width: 49.81%; height: 16.4%; top: 30.1%; left: 0%;",
]
`;
