// Jest Snapshot v1, https://goo.gl/fbAQLP

exports[`DebugToolsView renders when storesHub.hasStoresData = false 1`] = `
<StyledSpinnerBase
  label="Loading"
  size={3}
/>
`;

exports[`DebugToolsView renders when storesHub.hasStoresData = true 1`] = `
<div
  className="debugToolsContainer"
>
  <NarrowModeDetector
    Component={[Function]}
    childrenProps={
      Object {
        "deps": Object {
          "storesHub": proxy {
            "___id": "BCDF5CE5-F0DF-40B7-8BA0-69DF395033C8",
            "stores": undefined,
          },
        },
      }
    }
    isNarrowModeEnabled={true}
  />
  <ToolsNav
    className="nav"
    deps={
      Object {
        "storesHub": proxy {
          "___id": "BCDF5CE5-F0DF-40B7-8BA0-69DF395033C8",
          "stores": undefined,
        },
      }
    }
    state={
      Object {
        "userConfigurationStoreData": Object {
          "isFirstTime": true,
        },
      }
    }
  />
  <CurrentView
    deps={
      Object {
        "storesHub": proxy {
          "___id": "BCDF5CE5-F0DF-40B7-8BA0-69DF395033C8",
          "stores": undefined,
        },
      }
    }
    storeState={
      Object {
        "userConfigurationStoreData": Object {
          "isFirstTime": true,
        },
      }
    }
  />
</div>
`;
