// Jest Snapshot v1, https://goo.gl/fbAQLP

exports[`AssessmentDataFormatter removed cycles in designPatterns 1`] = `"{"version":1,"assessmentData":{"assessments":{"assessment-1":{"fullAxeResultsMap":null,"generatedAssessmentInstancesMap":null,"manualTestStepResultMap":{"assessment-1-step-1":{"instances":[],"status":2,"id":"assessment-1-step-1"},"removed-step":{"instances":[],"status":2,"id":"123"}},"testStepStatus":{}},"generatedAssessmentInstancesMap":{"fullAxeResultsMap":{},"generatedAssessmentInstancesMap":{"id":{"target":[],"html":"","testStepResults":{},"propertyBag":{"designPattern":[{}]}}},"testStepStatus":{}}},"persistedTabInfo":{"title":"SavedAssessment123"}}}"`;

exports[`AssessmentDataFormatter returns the formatted assessment data object as a string 1`] = `"{"version":1,"assessmentData":{"assessments":{"assessment-1":{"fullAxeResultsMap":null,"generatedAssessmentInstancesMap":null,"manualTestStepResultMap":{"assessment-1-step-1":{"instances":[],"status":2,"id":"assessment-1-step-1"},"removed-step":{"instances":[],"status":2,"id":"123"}},"testStepStatus":{}}},"persistedTabInfo":{"title":"SavedAssessment123"}}}"`;
