// Jest Snapshot v1, https://goo.gl/fbAQLP

exports[`GearMenuButton renders proper button with scoping enabled = false 1`] = `
<DocumentFragment>
  <mock-customizediconbutton
    arialabel="manage settings"
    classname="gearMenuButton"
    iconprops="[object Object]"
    menuprops="[object Object]"
  />
</DocumentFragment>
`;

exports[`GearMenuButton renders proper button with scoping enabled = true 1`] = `
<DocumentFragment>
  <mock-customizediconbutton
    arialabel="manage settings"
    classname="gearMenuButton"
    iconprops="[object Object]"
    menuprops="[object Object]"
  />
</DocumentFragment>
`;
