// Jest Snapshot v1, https://goo.gl/fbAQLP

exports[`IssueFilinigNeedsSettingsHelpTextTest render with isOpen = false 1`] = `null`;

exports[`IssueFilinigNeedsSettingsHelpTextTest render with isOpen = true 1`] = `
<div
  aria-live="polite"
  className="create-bug-button-help"
  role="alert"
>
  Go to Settings to configure issue filing.
</div>
`;
