// Jest Snapshot v1, https://goo.gl/fbAQLP

exports[`IssueFilingSettings renders 1`] = `
<React.Fragment>
  <h3
    id="issue-filing-heading"
  >
    Issue filing
  </h3>
  <IssueFilingSettingsContainer
    deps={
      {
        "issueFilingServiceProvider": [typemoq mock object],
        "userConfigMessageCreator": [typemoq mock object],
      }
    }
    onPropertyUpdateCallback={[Function]}
    onSelectedServiceChange={[Function]}
    selectedIssueFilingService={
      {
        "buildStoreData": [Function],
        "displayName": "TEST",
        "fileIssue": [Function],
        "getSettingsFromStoreData": [Function],
        "isSettingsValid": [Function],
        "key": "test",
        "settingsForm": [Function],
      }
    }
  />
</React.Fragment>
`;
