// Jest Snapshot v1, https://goo.gl/fbAQLP

exports[`ScanningSpinner renders isScanning = <false> 1`] = `null`;

exports[`ScanningSpinner renders isScanning = <true> 1`] = `
<StyledSpinnerBase
  aria-live="test-aria-live"
  className="scanningSpinner"
  label="test-label"
  role="alert"
  size={3}
/>
`;
