// Jest Snapshot v1, https://goo.gl/fbAQLP

exports[`DetailsSection renders 1`] = `
<div
  className="scan-details-section"
>
  <h2>
    Scan details
  </h2>
  <span
    className="screen-reader-only"
    id="target-page-text"
  >
    Target Page: https://page-url/
  </span>
  <span
    className="screen-reader-only"
    id="scan-date-text"
  >
    Scan date: 2018-03-12 11:24 PM UTC
  </span>
  <span
    className="screen-reader-only"
    id="comment-text"
  >
    Comment: description-text
  </span>
  <table>
    <tbody>
      <tr>
        <td
          aria-hidden="true"
          className="icon"
        >
          <UrlIcon />
        </td>
        <td
          aria-hidden="true"
          aria-labelledby="target-page-text"
          className="text"
        >
          <NewTabLink
            href="https://page-url/"
            title="Navigate to target page"
          >
            https://page-url/
          </NewTabLink>
        </td>
      </tr>
      <tr>
        <td
          aria-hidden="true"
          className="icon"
        >
          <DateIcon />
        </td>
        <td
          aria-hidden="true"
          aria-labelledby="scan-date-text"
          className="text"
        >
          2018-03-12 11:24 PM UTC
        </td>
      </tr>
      <tr>
        <td
          aria-hidden="true"
          className="icon"
        >
          <CommentIcon />
        </td>
        <td
          aria-hidden="true"
          aria-labelledby="comment-text"
          className="text description-text"
        >
          description-text
        </td>
      </tr>
    </tbody>
  </table>
</div>
`;
