// Jest Snapshot v1, https://goo.gl/fbAQLP

exports[`RulesWithInstances renders 1`] = `
<div
  className="rule-details-group"
>
  <CollapsibleContainer
    buttonAriaLabel="show failed instance list"
    collapsibleContent={
      <InstanceDetailsGroup
        fixInstructionProcessor={
          proxy {
            "___id": "BCDF5CE5-F0DF-40B7-8BA0-69DF395033C8",
            "backgroundColorText": "background color: ",
            "backgroundRegExp": /background color: \\(\\?<color>#\\[0-9a-f\\]\\{6\\}\\)/i,
            "colorGroupName": "color",
            "colorValueMatcher": "(?<color>#[0-9a-f]{6})",
            "createColorBox": [Function],
            "foregroundColorText": "foreground color: ",
            "foregroundRegExp": /foreground color: \\(\\?<color>#\\[0-9a-f\\]\\{6\\}\\)/i,
            "getColorMatch": [Function],
            "process": [Function],
            "splitFixInstruction": [Function],
          }
        }
        nodeResults={
          Array [
            Object {
              "failureSummary": "fix the error on html tag",
              "html": "<html>",
              "snippet": "<html>",
            },
          ]
        }
      />
    }
    containerClassName="collapsible-rule-details-group"
    id="1"
    titleHeadingLevel={3}
    visibleHeadingContent={
      <MinimalRuleDetail
        outcomeType="pass"
        rule={
          Object {
            "id": "1",
            "nodes": Array [
              Object {
                "failureSummary": "fix the error on html tag",
                "html": "<html>",
                "snippet": "<html>",
              },
            ],
          }
        }
      />
    }
  />
</div>
`;
