// Jest Snapshot v1, https://goo.gl/fbAQLP

exports[`SummaryDetails renders 1`] = `
<div
  className="summary-details"
  id="summary-details-test-id"
>
  <div
    aria-level={5}
    className="summary-container"
    role="custom role"
  >
    <button
      aria-controls="details-content-test-id"
      aria-expanded="false"
      aria-label="show failed instance list"
      className="collapsible-control"
    />
    <div
      id="summary-test-id"
    >
      <div>
        this is the summary content
      </div>
    </div>
  </div>
  <div
    aria-hidden="true"
    className="details-container"
    id="details-content-test-id"
  >
    <div>
       this is the details content 
    </div>
  </div>
</div>
`;
