// Jest Snapshot v1, https://goo.gl/fbAQLP

exports[`ElementHighlight renders elements appropriately 1`] = `
<div
  className="insights-highlight-box"
  style={
    Object {
      "left": 222,
      "minHeight": 444,
      "minWidth": 333,
      "outlineColor": "red",
      "outlineStyle": "solid",
      "top": 111,
    }
  }
  title="some tool tip"
>
  <HighlightBox
    boxConfig={Object {}}
    className="text-label"
    deps={
      Object {
        "clientUtils": proxy {
          "___id": "BCDF5CE5-F0DF-40B7-8BA0-69DF395033C8",
          "scroll": undefined,
        },
        "drawerUtils": proxy {
          "___id": "BCDF5CE5-F0DF-40B7-8BA0-69DF395033C8",
          "clientWindowOffsetThreshold": 5,
          "dom": undefined,
        },
      }
    }
    drawerConfig={
      Object {
        "borderColor": "red",
        "failureBoxConfig": Object {},
        "outlineStyle": "solid",
        "showVisualization": true,
        "textBoxConfig": Object {},
        "toolTip": "some tool tip",
      }
    }
  />
  <HighlightBox
    boxConfig={Object {}}
    className="failure-label"
    deps={
      Object {
        "clientUtils": proxy {
          "___id": "BCDF5CE5-F0DF-40B7-8BA0-69DF395033C8",
          "scroll": undefined,
        },
        "drawerUtils": proxy {
          "___id": "BCDF5CE5-F0DF-40B7-8BA0-69DF395033C8",
          "clientWindowOffsetThreshold": 5,
          "dom": undefined,
        },
      }
    }
    drawerConfig={
      Object {
        "borderColor": "red",
        "failureBoxConfig": Object {},
        "outlineStyle": "solid",
        "showVisualization": true,
        "textBoxConfig": Object {},
        "toolTip": "some tool tip",
      }
    }
    onClickHandler={[Function]}
  />
</div>
`;

exports[`ElementHighlight renders null when drawerConfig showVisualization is false 1`] = `null`;

exports[`ElementHighlight renders null when element is outside of document 1`] = `null`;
