// Jest Snapshot v1, https://goo.gl/fbAQLP

exports[`TelemetryViewer renders when there are no telemetry messages 1`] = `
<DocumentFragment>
  <strong>
    No telemetry messages yet. Use the extension to see something here.
  </strong>
</DocumentFragment>
`;

exports[`TelemetryViewer renders when there is at least one telemetry message 1`] = `
<DocumentFragment>
  <div
    class="container"
  >
    <strong>
      Build:
    </strong>
    <span>
      test-application-build
    </span>
    <strong>
      Name:
    </strong>
    <span>
      test-application-name
    </span>
    <strong>
      Version:
    </strong>
    <span>
      test-application-version
    </span>
    <strong>
      Installation Id:
    </strong>
    <span>
      test-installation-id
    </span>
  </div>
  <mock-telemetrymessageslist
    deps="[object Object]"
    items="[object Object]"
  />
</DocumentFragment>
`;
