// Jest Snapshot v1, https://goo.gl/fbAQLP

exports[`AdhocStaticTestView render handles content & guidance 1`] = `"<StaticContentDetailsView deps={[function]} visualizationEnabled={true} onToggleClick={[Function: clickHandlerStub]} title=\\"test title\\" toggleLabel=\\"test toggle label\\" content={[function]} guidance={[function]} />"`;

exports[`AdhocStaticTestView render handles content & no guidance 1`] = `"<StaticContentDetailsView deps={[function]} visualizationEnabled={true} onToggleClick={[Function: clickHandlerStub]} title=\\"test title\\" toggleLabel=\\"test toggle label\\" content={[function]} guidance={[undefined]} />"`;

exports[`AdhocStaticTestView render handles no content & guidance 1`] = `"<StaticContentDetailsView deps={[function]} visualizationEnabled={true} onToggleClick={[Function: clickHandlerStub]} title=\\"test title\\" toggleLabel=\\"test toggle label\\" content={[undefined]} guidance={[function]} />"`;

exports[`AdhocStaticTestView render handles no content & no guidance 1`] = `"<StaticContentDetailsView deps={[function]} visualizationEnabled={true} onToggleClick={[Function: clickHandlerStub]} title=\\"test title\\" toggleLabel=\\"test toggle label\\" content={[undefined]} guidance={[undefined]} />"`;

exports[`AdhocStaticTestView should return target page changed view as tab is changed 1`] = `"<TargetPageChangedView displayableData={{...}} type={-1} toggleClickHandler={[Function: clickHandlerStub]} />"`;
