// Jest Snapshot v1, https://goo.gl/fbAQLP

exports[`BugButtonTest render new bug button 1`] = `
<StyledLinkBase
  className="bugs-details-view"
  href="https://github.com/example/example/issues/new?title=buildTitle&body=buildText"
  target="_blank"
>
  <StyledIconBase
    className="create-bug-button"
    iconName="Add"
  />
  New bug
</StyledLinkBase>
`;
