// Jest Snapshot v1, https://goo.gl/fbAQLP

exports[`DetailsViewContentWithLocalState render 1`] = `
<React.Fragment>
  <NarrowModeDetector
    isNarrowModeEnabled={false}
    setNarrowMode={[Function]}
  />
  <DetailsViewContent
    isNarrowMode={false}
    isSideNavOpen={false}
    setSideNavOpen={[Function]}
    storeState={
      Object {
        "featureFlagStoreData": Object {
          "reflowUI": false,
        },
      }
    }
  />
</React.Fragment>
`;
