// Jest Snapshot v1, https://goo.gl/fbAQLP

exports[`IssuesDetailsPaneTest render with single selection, issue filing button 1`] = `
<IssueFilingButton
  deps={
    Object {
      "axeResultToIssueFilingDataConverter": Object {
        "convert": [Function],
      },
      "detailsViewActionMessageCreator": Object {
        "copyIssueDetailsClicked": [Function],
      },
      "issueDetailsTextGenerator": null,
      "issueFilingActionMessageCreator": null,
      "windowUtils": null,
    }
  }
  issueDetailsData={
    Object {
      "targetApp": Object {
        "name": "name",
      },
    }
  }
  needsSettingsContentRenderer={[Function]}
  userConfigurationStoreData={Object {}}
/>
`;

exports[`IssuesDetailsPaneTest render with single selection, test copy to clipboard 1`] = `
"<div>
  <div>
    <h2>
      Failure details
    </h2>
    <CopyIssueDetailsButton deps={{...}} issueDetailsData={{...}} onClick={[Function: copyIssueDetailsClicked]} />
    <IssueFilingButton deps={{...}} issueDetailsData={{...}} userConfigurationStoreData={{...}} needsSettingsContentRenderer={[function]} />
    <table className=\\"issue-detail-table\\">
      <tbody>
        <tr>
          <td>
            Rule
          </td>
          <td>
            <NewTabLink href=\\"http://help-url/\\">
              rule-id
            </NewTabLink>
            : rule-help
              
            <GuidanceLinks links={{...}} />
            <GuidanceTags deps={{...}} links={{...}} />
          </td>
        </tr>
        <tr>
          <td>
            How to fix
          </td>
          <td className=\\"fix-content\\">
            <FixInstructionPanel deps={{...}} checkType={0} checks={{...}} renderTitleElement={[Function: renderFixInstructionsTitleElement]} />
            <FixInstructionPanel deps={{...}} checkType={1} checks={{...}} renderTitleElement={[Function: renderFixInstructionsTitleElement]} />
          </td>
        </tr>
        <tr>
          <td>
            Snippet
          </td>
          <td className=\\"snippet-content\\" />
        </tr>
        <tr>
          <td>
            Path
          </td>
          <td className=\\"path-content\\" />
        </tr>
      </tbody>
    </table>
  </div>
</div>"
`;

exports[`IssuesDetailsPaneTest renderTitleElement passed to embedded FixInstructionPanels should match snapshot 1`] = `
<div
  className="test-class-name"
>
  test title
</div>
`;
