// Jest Snapshot v1, https://goo.gl/fbAQLP

exports[`getMediumPassCommandBar  should return DetailsViewCommandBar with deps of reportExportComponentPropertyFactory and startOverComponentPropertyFactory 1`] = `
<DetailsViewCommandBar
  switcherNavConfiguration={
    {
      "ReportExportComponentFactory": [Function],
      "StartOverComponentFactory": [Function],
    }
  }
/>
`;
