// Jest Snapshot v1, https://goo.gl/fbAQLP

exports[`NextRequirementButton renders 1`] = `
<DocumentFragment>
  <mock-button>
    <span>
      <i
        aria-label="next"
        class="root-105"
        data-icon-name="ChevronRight"
        role="img"
      />
    </span>
  </mock-button>
</DocumentFragment>
`;

exports[`NextRequirementButton renders: Button props 1`] = `
{
  "children": [
    undefined,
    <span>
      <Memo(Icon)
        aria-label="next"
        iconName="ChevronRight"
      />
    </span>,
  ],
  "className": undefined,
  "onClick": [Function],
}
`;
