// Jest Snapshot v1, https://goo.gl/fbAQLP

exports[`no displayableFeatureFlags message test the no feature flag message component 1`] = `
<DocumentFragment>
  <div
    class="noPreviewFeatureMessage"
  >
    No preview features are currently available to manage. Follow this page for future cool features.
  </div>
</DocumentFragment>
`;
