// Jest Snapshot v1, https://goo.gl/fbAQLP

exports[`AssessmentViewTest render for gettting started 1`] = `
<div>
  <TargetChangeDialog
    deps={Object {}}
    newTab={
      Object {
        "id": 5,
      }
    }
    prevTab={
      Object {
        "id": 4,
      }
    }
  />
  <GettingStartedView
    gettingStartedContent={
      <h1>
        Hello
      </h1>
    }
  />
</div>
`;

exports[`AssessmentViewTest render for requirement 1`] = `null`;
