// Jest Snapshot v1, https://goo.gl/fbAQLP

exports[`AssessmentViewTest render for gettting started 1`] = `
"<div>
  <TargetChangeDialog deps={{...}} prevTab={{...}} newTab={{...}} />
  <GettingStartedView gettingStartedContent={[undefined]} />
</div>"
`;

exports[`AssessmentViewTest render for requirement 1`] = `""`;
