// Jest Snapshot v1, https://goo.gl/fbAQLP

exports[`ReportExportButton renders ReportExportButton 1`] = `
<DocumentFragment>
  <mock-insightscommandbutton
    componentref="[object Object]"
    data-automation-id="report-export-button"
    iconprops="[object Object]"
  >
    Export result
  </mock-insightscommandbutton>
</DocumentFragment>
`;
