// Jest Snapshot v1, https://goo.gl/fbAQLP

exports[`RequirementViewTest renders with content from props 1`] = `
<div
  className="requirementView"
>
  <RequirementViewTitle
    deps={Object {}}
    name="test-requirement-name"
  />
  <div>
    test-description
  </div>
  <RequirementInstructions
    howToTest={
      <p>
        how-to-test-stub
      </p>
    }
  />
</div>
`;
