// Jest Snapshot v1, https://goo.gl/fbAQLP

exports[`SaveAssessmentButton should render per snapshot 1`] = `
<DocumentFragment>
  <mock-insightscommandbutton
    as="a"
    deps="[object Object]"
    download="download"
    href="url"
    insightscommandbuttoniconprops="[object Object]"
    userconfigurationstoredata="[object Object]"
  >
    Save assessment
  </mock-insightscommandbutton>
</DocumentFragment>
`;
