// Jest Snapshot v1, https://goo.gl/fbAQLP

exports[`StaticContentDetailsViewTest renders content page component 1`] = `
<DocumentFragment>
  <div
    class="staticContentInDetailsView"
  >
    <mock-headingwithcontentlink
      deps="stub-deps"
      guidance="stub-guidance"
      headingtitle="my test title"
      secondarytext=" test steps text "
    />
    <mock-visualizationtoggle
      checked="true"
      classname="detailsViewToggle"
      label="my test toggle label"
      visualizationname="my test title"
    />
    <mock-contentinclude
      content="stub-content"
      deps="stub-deps"
    />
  </div>
</DocumentFragment>
`;
