// Jest Snapshot v1, https://goo.gl/fbAQLP

exports[`Switcher props dropdown has correct options 1`] = `
[
  {
    "data": {
      "icon": "Rocket",
    },
    "key": 0,
    "text": "FastPass",
    "title": "FastPass",
  },
  {
    "data": {
      "icon": "SiteScan",
    },
    "key": 3,
    "text": "Quick Assess",
    "title": "Quick Assess",
  },
  {
    "data": {
      "icon": "testBeakerSolid",
    },
    "key": 2,
    "text": "Assessment",
    "title": "Assessment",
  },
]
`;

exports[`Switcher renders Switcher itself matches snapshot 1`] = `
<DocumentFragment>
  <div
    aria-label="activity"
    class="leftNavSwitcher"
    role="region"
  >
    <mock-dropdown
      arialabel="select activity"
      classname="leftNavSwitcherDropdown"
      options="[object Object],[object Object],[object Object]"
      responsivemode="2"
      selectedkey="0"
    />
  </div>
</DocumentFragment>
`;

exports[`Switcher renders option renderer override matches snapshot 1`] = `
[
  {
    "data": {
      "icon": "Rocket",
    },
    "key": 0,
    "text": "FastPass",
    "title": "FastPass",
  },
  {
    "data": {
      "icon": "SiteScan",
    },
    "key": 3,
    "text": "Quick Assess",
    "title": "Quick Assess",
  },
  {
    "data": {
      "icon": "testBeakerSolid",
    },
    "key": 2,
    "text": "Assessment",
    "title": "Assessment",
  },
]
`;
