// Jest Snapshot v1, https://goo.gl/fbAQLP

exports[`TabStopsRequirementInstancesCollapsibleContent renders 1`] = `
<DocumentFragment>
  <mock-styledwithviewportcomponent
    checkboxvisibility="2"
    columns="[object Object],[object Object]"
    constrainmode="1"
    items="[object Object]"
  />
</DocumentFragment>
`;

exports[`TabStopsRequirementInstancesCollapsibleContent renders captured instance details column 1`] = `
<AssessmentInstanceDetailsColumn
  background="#767676"
  headerText="Comment"
  textContent="test requirement description"
  tooltipId="test-instance-id"
/>
`;

exports[`TabStopsRequirementInstancesCollapsibleContent renders captured instance icons column 1`] = `
<React.Fragment>
  <StyledLinkBase
    className="editButton"
    onClick={[Function]}
  >
    <Memo(Icon)
      ariaLabel="edit instance"
      iconName="edit"
    />
  </StyledLinkBase>
  <StyledLinkBase
    className="removeButton"
    onClick={[Function]}
  >
    <Memo(Icon)
      ariaLabel="delete instance"
      iconName="delete"
    />
  </StyledLinkBase>
</React.Fragment>
`;
