// Jest Snapshot v1, https://goo.gl/fbAQLP

exports[`TestStatusChoiceGroup render: status is set to FAIL 1`] = `<DocumentFragment />`;

exports[`TestStatusChoiceGroup render: status is set to PASS 1`] = `<DocumentFragment />`;

exports[`TestStatusChoiceGroup render: status is set to UNKNOWN 1`] = `<DocumentFragment />`;
