// Jest Snapshot v1, https://goo.gl/fbAQLP

exports[`TransferToAssessmentButton getTransferToAssessmentButton 1`] = `
<TransferToAssessmentButton
  deps={
    {
      "dataTransferViewController": [typemoq mock object],
    }
  }
/>
`;

exports[`TransferToAssessmentButton render 1`] = `
<InsightsCommandButton
  data-automation-id="transfer-to-assessment-button"
  iconProps={
    {
      "iconName": "fabricMoveToFolder",
    }
  }
  onClick={[Function]}
>
  Move to assessment
</InsightsCommandButton>
`;
