// Jest Snapshot v1, https://goo.gl/fbAQLP

exports[`DeviceConnectFooterTest render 1`] = `
<footer
  className="device-connect-footer"
>
  <CustomizedDefaultButton
    className="footer-button-cancel"
    onClick={[Function]}
    text="Cancel"
  />
  <CustomizedPrimaryButton
    className="footer-button-start"
    disabled={true}
    text="Start testing"
  />
</footer>
`;
