// Jest Snapshot v1, https://goo.gl/fbAQLP

exports[`PreviewFeaturesContainerTest renders all available preview features 1`] = `
<div
  data-automation-id="preview-features-container"
>
  <div
    className="preview-features-description"
  >
    The following preview features are available for your evaluation. Help us make them better!
  </div>
  <PreviewFeaturesToggleList
    deps={
      {
        "detailsViewActionMessageCreator": [typemoq mock object],
      }
    }
    displayedFeatureFlags={
      [
        {
          "displayableDescription": "test description 1",
          "displayableName": "test name 1",
          "enabled": true,
          "id": "test-id-1",
        },
        {
          "displayableDescription": "test description 2",
          "displayableName": "test name 2",
          "enabled": false,
          "id": "test-id-2",
        },
      ]
    }
  />
</div>
`;

exports[`PreviewFeaturesContainerTest renders special message when there is no preview features available 1`] = `
<div
  data-automation-id="preview-features-container"
>
  <NoDisplayableFeatureFlagMessage />
</div>
`;
