// Jest Snapshot v1, https://goo.gl/fbAQLP

exports[`RuleResources renders with {
  url: null,
  guidanceLinks: [ { href: 'test-href' }, [length]: 1 ],
  linkComponent: 'NewTabLink'
} 1`] = `
<div
  className="ruleMoreResources"
>
  <div
    className="moreResourcesTitle"
  >
    Resources for this rule
  </div>
  <span
    className="ruleGuidance"
  >
    <GuidanceLinks
      LinkComponent={[Function]}
      links={
        [
          {
            "href": "test-href",
          },
        ]
      }
    />
    <GuidanceTags
      deps={
        {
          "LinkComponent": [Function],
        }
      }
      links={
        [
          {
            "href": "test-href",
          },
        ]
      }
    />
  </span>
</div>
`;

exports[`RuleResources renders with { url: 'test-url', guidanceLinks: null, linkComponent: 'NewTabLink' } 1`] = `
<div
  className="ruleMoreResources"
>
  <div
    className="moreResourcesTitle"
  >
    Resources for this rule
  </div>
  <span
    className="ruleDetailsId"
  >
    <NewTabLink
      href="test-url"
    >
      More information about 
      some-rule
    </NewTabLink>
  </span>
  <span
    className="ruleGuidance"
  >
    <GuidanceLinks
      LinkComponent={[Function]}
      links={null}
    />
    <GuidanceTags
      deps={
        {
          "LinkComponent": [Function],
        }
      }
      links={null}
    />
  </span>
</div>
`;

exports[`RuleResources renders with { url: null, guidanceLinks: null, linkComponent: 'NewTabLink' } 1`] = `null`;
