// Jest Snapshot v1, https://goo.gl/fbAQLP

exports[`RuleResources renders with {
  url: 'test-url',
  guidanceLinks: [ [length]: 0 ],
  linkComponent: 'ExternalLink',
  outcomeType: 'pass'
} 1`] = `
<DocumentFragment>
  <div
    class="ruleMoreResources"
  >
    <div
      class="moreResourcesTitle"
    >
      Resources for this rule
    </div>
    <span
      class="ruleDetailsId"
    >
      <mock-externallink
        href="test-url"
      >
        More information about some-rule
      </mock-externallink>
    </span>
    <span
      class="ruleGuidance"
    >
      <mock-guidancelinks
        links=""
      />
      <mock-guidancetags
        deps="[object Object]"
        links=""
      />
    </span>
  </div>
</DocumentFragment>
`;

exports[`RuleResources renders with {
  url: 'test-url',
  guidanceLinks: [ [length]: 0 ],
  linkComponent: 'ExternalLink',
  outcomeType: 'pass'
}: GuidanceLinks props 1`] = `
{
  "LinkComponent": [MockFunction] {
    "calls": [
      [
        {
          "children": [
            "More information about ",
            "some-rule",
          ],
          "href": "test-url",
        },
        {},
      ],
    ],
    "results": [
      {
        "type": "return",
        "value": <mock-ExternalLink
          href="test-url"
        >
          More information about 
          some-rule
        </mock-ExternalLink>,
      },
    ],
  },
  "links": [],
}
`;

exports[`RuleResources renders with {
  url: 'test-url',
  guidanceLinks: [ [length]: 0 ],
  linkComponent: 'ExternalLink',
  outcomeType: 'pass'
}: GuidanceTags props 1`] = `
{
  "deps": {
    "GetNeedsReviewRuleResourcesUrl": [MockFunction],
    "IsOutcomeNeedsReview": [MockFunction] {
      "calls": [
        [
          "pass",
        ],
      ],
      "results": [
        {
          "type": "return",
          "value": undefined,
        },
      ],
    },
    "LinkComponent": [MockFunction] {
      "calls": [
        [
          {
            "children": [
              "More information about ",
              "some-rule",
            ],
            "href": "test-url",
          },
          {},
        ],
      ],
      "results": [
        {
          "type": "return",
          "value": <mock-ExternalLink
            href="test-url"
          >
            More information about 
            some-rule
          </mock-ExternalLink>,
        },
      ],
    },
  },
  "links": [],
}
`;

exports[`RuleResources renders with {
  url: 'test-url',
  guidanceLinks: [ { href: 'test-href' }, [length]: 1 ],
  linkComponent: 'ExternalLink',
  outcomeType: 'pass'
} 1`] = `
<DocumentFragment>
  <div
    class="ruleMoreResources"
  >
    <div
      class="moreResourcesTitle"
    >
      Resources for this rule
    </div>
    <span
      class="ruleDetailsId"
    >
      <mock-externallink
        href="test-url"
      >
        More information about some-rule
      </mock-externallink>
    </span>
    <span
      class="ruleGuidance"
    >
      <mock-guidancelinks
        links="[object Object]"
      />
      <mock-guidancetags
        deps="[object Object]"
        links="[object Object]"
      />
    </span>
  </div>
</DocumentFragment>
`;

exports[`RuleResources renders with {
  url: 'test-url',
  guidanceLinks: [ { href: 'test-href' }, [length]: 1 ],
  linkComponent: 'ExternalLink',
  outcomeType: 'pass'
}: GuidanceLinks props 1`] = `
{
  "LinkComponent": [MockFunction] {
    "calls": [
      [
        {
          "children": [
            "More information about ",
            "some-rule",
          ],
          "href": "test-url",
        },
        {},
      ],
    ],
    "results": [
      {
        "type": "return",
        "value": <mock-ExternalLink
          href="test-url"
        >
          More information about 
          some-rule
        </mock-ExternalLink>,
      },
    ],
  },
  "links": [
    {
      "href": "test-href",
    },
  ],
}
`;

exports[`RuleResources renders with {
  url: 'test-url',
  guidanceLinks: [ { href: 'test-href' }, [length]: 1 ],
  linkComponent: 'ExternalLink',
  outcomeType: 'pass'
}: GuidanceTags props 1`] = `
{
  "deps": {
    "GetNeedsReviewRuleResourcesUrl": [MockFunction],
    "IsOutcomeNeedsReview": [MockFunction] {
      "calls": [
        [
          "pass",
        ],
      ],
      "results": [
        {
          "type": "return",
          "value": undefined,
        },
      ],
    },
    "LinkComponent": [MockFunction] {
      "calls": [
        [
          {
            "children": [
              "More information about ",
              "some-rule",
            ],
            "href": "test-url",
          },
          {},
        ],
      ],
      "results": [
        {
          "type": "return",
          "value": <mock-ExternalLink
            href="test-url"
          >
            More information about 
            some-rule
          </mock-ExternalLink>,
        },
      ],
    },
  },
  "links": [
    {
      "href": "test-href",
    },
  ],
}
`;

exports[`RuleResources renders with {
  url: 'test-url',
  guidanceLinks: null,
  linkComponent: 'NewTabLink',
  outcomeType: 'pass'
} 1`] = `
<DocumentFragment>
  <div
    class="ruleMoreResources"
  >
    <div
      class="moreResourcesTitle"
    >
      Resources for this rule
    </div>
    <span
      class="ruleDetailsId"
    >
      <a
        class="fui-Link insights-link ___1fq7916_1xye54t f2hkw1w f3rmtva f1ewtqcl fyind8e f1k6fduh f1w7gpdv fk6fouc fjoy568 figsok6 f1s184ao f1mk8lai fnbmjn9 f1o700av f1iuv45f f1cmlufx f9n3di6 f1ids18y f1tx3yz7 f1deo86v f1eh06m1 f1iescvh fhgqx19 f1olyrje f1p93eir f1nev41a"
        href="test-url"
        tabindex="0"
        target="_blank"
      >
        More information about some-rule
      </a>
    </span>
    <span
      class="ruleGuidance"
    >
      <mock-guidancelinks />
      <mock-guidancetags
        deps="[object Object]"
      />
    </span>
  </div>
</DocumentFragment>
`;

exports[`RuleResources renders with {
  url: 'test-url',
  guidanceLinks: null,
  linkComponent: 'NewTabLink',
  outcomeType: 'pass'
}: GuidanceLinks props 1`] = `
{
  "LinkComponent": [Function],
  "links": null,
}
`;

exports[`RuleResources renders with {
  url: 'test-url',
  guidanceLinks: null,
  linkComponent: 'NewTabLink',
  outcomeType: 'pass'
}: GuidanceTags props 1`] = `
{
  "deps": {
    "GetNeedsReviewRuleResourcesUrl": [MockFunction],
    "IsOutcomeNeedsReview": [MockFunction] {
      "calls": [
        [
          "pass",
        ],
      ],
      "results": [
        {
          "type": "return",
          "value": undefined,
        },
      ],
    },
    "LinkComponent": [Function],
  },
  "links": null,
}
`;

exports[`RuleResources renders with {
  url: 'test-url',
  guidanceLinks: null,
  linkComponent: 'NewTabLink',
  outcomeType: 'review'
} 1`] = `
<DocumentFragment>
  <div
    class="ruleMoreResources"
  >
    <div
      class="moreResourcesTitle"
    >
      Resources for this rule
    </div>
    <span
      class="ruleDetailsId"
    >
      <a
        class="fui-Link insights-link ___1fq7916_1xye54t f2hkw1w f3rmtva f1ewtqcl fyind8e f1k6fduh f1w7gpdv fk6fouc fjoy568 figsok6 f1s184ao f1mk8lai fnbmjn9 f1o700av f1iuv45f f1cmlufx f9n3di6 f1ids18y f1tx3yz7 f1deo86v f1eh06m1 f1iescvh fhgqx19 f1olyrje f1p93eir f1nev41a"
        href="test-url"
        tabindex="0"
        target="_blank"
      >
        More information about some-rule
      </a>
    </span>
    <span
      class="ruleGuidance"
    >
      <mock-guidancelinks />
      <mock-guidancetags
        deps="[object Object]"
      />
    </span>
  </div>
</DocumentFragment>
`;

exports[`RuleResources renders with {
  url: 'test-url',
  guidanceLinks: null,
  linkComponent: 'NewTabLink',
  outcomeType: 'review'
}: GuidanceLinks props 1`] = `
{
  "LinkComponent": [Function],
  "links": null,
}
`;

exports[`RuleResources renders with {
  url: 'test-url',
  guidanceLinks: null,
  linkComponent: 'NewTabLink',
  outcomeType: 'review'
}: GuidanceTags props 1`] = `
{
  "deps": {
    "GetNeedsReviewRuleResourcesUrl": [MockFunction],
    "IsOutcomeNeedsReview": [MockFunction] {
      "calls": [
        [
          "review",
        ],
      ],
      "results": [
        {
          "type": "return",
          "value": undefined,
        },
      ],
    },
    "LinkComponent": [Function],
  },
  "links": null,
}
`;

exports[`RuleResources renders with {
  url: null,
  guidanceLinks: [ [length]: 0 ],
  linkComponent: 'ExternalLink',
  outcomeType: 'pass'
} 1`] = `<DocumentFragment />`;

exports[`RuleResources renders with {
  url: null,
  guidanceLinks: [ [length]: 0 ],
  linkComponent: 'ExternalLink',
  outcomeType: 'pass'
}: GuidanceLinks props 1`] = `undefined`;

exports[`RuleResources renders with {
  url: null,
  guidanceLinks: [ [length]: 0 ],
  linkComponent: 'ExternalLink',
  outcomeType: 'pass'
}: GuidanceTags props 1`] = `undefined`;

exports[`RuleResources renders with {
  url: null,
  guidanceLinks: [ [length]: 0 ],
  linkComponent: 'ExternalLink',
  outcomeType: 'review'
} 1`] = `<DocumentFragment />`;

exports[`RuleResources renders with {
  url: null,
  guidanceLinks: [ [length]: 0 ],
  linkComponent: 'ExternalLink',
  outcomeType: 'review'
}: GuidanceLinks props 1`] = `undefined`;

exports[`RuleResources renders with {
  url: null,
  guidanceLinks: [ [length]: 0 ],
  linkComponent: 'ExternalLink',
  outcomeType: 'review'
}: GuidanceTags props 1`] = `undefined`;

exports[`RuleResources renders with {
  url: null,
  guidanceLinks: [ { href: 'test-href' }, [length]: 1 ],
  linkComponent: 'NewTabLink',
  outcomeType: 'pass'
} 1`] = `
<DocumentFragment>
  <div
    class="ruleMoreResources"
  >
    <div
      class="moreResourcesTitle"
    >
      Resources for this rule
    </div>
    <span
      class="ruleGuidance"
    >
      <mock-guidancelinks
        links="[object Object]"
      />
      <mock-guidancetags
        deps="[object Object]"
        links="[object Object]"
      />
    </span>
  </div>
</DocumentFragment>
`;

exports[`RuleResources renders with {
  url: null,
  guidanceLinks: [ { href: 'test-href' }, [length]: 1 ],
  linkComponent: 'NewTabLink',
  outcomeType: 'pass'
}: GuidanceLinks props 1`] = `
{
  "LinkComponent": [Function],
  "links": [
    {
      "href": "test-href",
    },
  ],
}
`;

exports[`RuleResources renders with {
  url: null,
  guidanceLinks: [ { href: 'test-href' }, [length]: 1 ],
  linkComponent: 'NewTabLink',
  outcomeType: 'pass'
}: GuidanceTags props 1`] = `
{
  "deps": {
    "GetNeedsReviewRuleResourcesUrl": [MockFunction],
    "IsOutcomeNeedsReview": [MockFunction],
    "LinkComponent": [Function],
  },
  "links": [
    {
      "href": "test-href",
    },
  ],
}
`;

exports[`RuleResources renders with {
  url: null,
  guidanceLinks: null,
  linkComponent: 'NewTabLink',
  outcomeType: 'pass'
} 1`] = `<DocumentFragment />`;

exports[`RuleResources renders with {
  url: null,
  guidanceLinks: null,
  linkComponent: 'NewTabLink',
  outcomeType: 'pass'
}: GuidanceLinks props 1`] = `undefined`;

exports[`RuleResources renders with {
  url: null,
  guidanceLinks: null,
  linkComponent: 'NewTabLink',
  outcomeType: 'pass'
}: GuidanceTags props 1`] = `undefined`;
