// Jest Snapshot v1, https://goo.gl/fbAQLP

exports[`DeviceConnectViewContainer renders 1`] = `
<React.Fragment>
  <WindowTitle
    deps={Object {}}
    title="Accessibility Insights"
    windowStateStoreData={
      Object {
        "currentWindowState": "customSize",
        "routeId": "deviceConnectView",
      }
    }
  >
    <BrandBlue />
  </WindowTitle>
  <DeviceConnectBody
    deps={Object {}}
    viewState={
      Object {
        "connectedDevice": undefined,
        "deviceConnectState": 0,
      }
    }
  />
  <TelemetryPermissionDialog
    deps={Object {}}
    isFirstTime={true}
  />
</React.Fragment>
`;
